C51 COMPILER V9.01   NOKIA5110                                                             04/26/2018 19:19:44 PAGE 1   


C51 COMPILER V9.01, COMPILATION OF MODULE NOKIA5110
OBJECT MODULE PLACED IN .\Output\NOKIA5110.obj
COMPILER INVOKED BY: C:\Keil\C51\BIN\C51.EXE Common\NOKIA5110.c BROWSE INCDIR(.\Common;.\Driver;.\User) DEBUG OBJECTEXTE
                    -ND PRINT(.\Listing\NOKIA5110.lst) OBJECT(.\Output\NOKIA5110.obj)

line level    source

   1          
   2          
   3          #include "nokia5110.h"
   4          
   5          unsigned char code shuzi[]={
   6          /*--  文字:  0  --*/
   7          /*--  宋体12;  此字体下对应的点阵为：宽x高=8x16   --*/
   8          0x00,0xE0,0x10,0x08,0x08,0x10,0xE0,0x00,0x00,0x0F,0x10,0x20,0x20,0x10,0x0F,0x00,
   9          
  10          /*--  文字:  1  --*/
  11          /*--  宋体12;  此字体下对应的点阵为：宽x高=8x16   --*/
  12          0x00,0x10,0x10,0xF8,0x00,0x00,0x00,0x00,0x00,0x20,0x20,0x3F,0x20,0x20,0x00,0x00,
  13          
  14          /*--  文字:  2  --*/
  15          /*--  宋体12;  此字体下对应的点阵为：宽x高=8x16   --*/
  16          0x00,0x70,0x08,0x08,0x08,0x88,0x70,0x00,0x00,0x30,0x28,0x24,0x22,0x21,0x30,0x00,
  17          
  18          /*--  文字:  3  --*/
  19          /*--  宋体12;  此字体下对应的点阵为：宽x高=8x16   --*/
  20          0x00,0x30,0x08,0x88,0x88,0x48,0x30,0x00,0x00,0x18,0x20,0x20,0x20,0x11,0x0E,0x00,
  21          
  22          /*--  文字:  4  --*/
  23          /*--  宋体12;  此字体下对应的点阵为：宽x高=8x16   --*/
  24          0x00,0x00,0xC0,0x20,0x10,0xF8,0x00,0x00,0x00,0x07,0x04,0x24,0x24,0x3F,0x24,0x00,
  25          
  26          /*--  文字:  5  --*/
  27          /*--  宋体12;  此字体下对应的点阵为：宽x高=8x16   --*/
  28          0x00,0xF8,0x08,0x88,0x88,0x08,0x08,0x00,0x00,0x19,0x21,0x20,0x20,0x11,0x0E,0x00,
  29          
  30          /*--  文字:  6  --*/
  31          /*--  宋体12;  此字体下对应的点阵为：宽x高=8x16   --*/
  32          0x00,0xE0,0x10,0x88,0x88,0x18,0x00,0x00,0x00,0x0F,0x11,0x20,0x20,0x11,0x0E,0x00,
  33          
  34          /*--  文字:  7  --*/
  35          /*--  宋体12;  此字体下对应的点阵为：宽x高=8x16   --*/
  36          0x00,0x38,0x08,0x08,0xC8,0x38,0x08,0x00,0x00,0x00,0x00,0x3F,0x00,0x00,0x00,0x00,
  37          
  38          /*--  文字:  8  --*/
  39          /*--  宋体12;  此字体下对应的点阵为：宽x高=8x16   --*/
  40          0x00,0x70,0x88,0x08,0x08,0x88,0x70,0x00,0x00,0x1C,0x22,0x21,0x21,0x22,0x1C,0x00,
  41          
  42          /*--  文字:  9  --*/
  43          /*--  宋体12;  此字体下对应的点阵为：宽x高=8x16   --*/
  44          0x00,0xE0,0x10,0x08,0x08,0x10,0xE0,0x00,0x00,0x00,0x31,0x22,0x22,0x11,0x0F,0x00,
  45          
  46          /*--  文字:  a  --10*/
  47          /*--  宋体12;  此字体下对应的点阵为：宽x高=8x16   --*/
  48          0x00,0x00,0x80,0x80,0x80,0x80,0x00,0x00,0x00,0x19,0x24,0x22,0x22,0x22,0x3F,0x20,
  49          
  50          /*--  文字:  b  --11*/
  51          /*--  宋体12;  此字体下对应的点阵为：宽x高=8x16   --*/
  52          0x08,0xF8,0x00,0x80,0x80,0x00,0x00,0x00,0x00,0x3F,0x11,0x20,0x20,0x11,0x0E,0x00,
  53          
  54          /*--  文字:  c  --12*/
C51 COMPILER V9.01   NOKIA5110                                                             04/26/2018 19:19:44 PAGE 2   

  55          /*--  宋体12;  此字体下对应的点阵为：宽x高=8x16   --*/
  56          0x00,0x00,0x00,0x80,0x80,0x80,0x00,0x00,0x00,0x0E,0x11,0x20,0x20,0x20,0x11,0x00,
  57          
  58          /*--  文字:  d  --13*/
  59          /*--  宋体12;  此字体下对应的点阵为：宽x高=8x16   --*/
  60          0x00,0x00,0x00,0x80,0x80,0x88,0xF8,0x00,0x00,0x0E,0x11,0x20,0x20,0x10,0x3F,0x20,
  61          
  62          /*--  文字:  e  --*/
  63          /*--  宋体12;  此字体下对应的点阵为：宽x高=8x16   --*/
  64          0x00,0x00,0x80,0x80,0x80,0x80,0x00,0x00,0x00,0x1F,0x22,0x22,0x22,0x22,0x13,0x00,
  65          
  66          /*--  文字:  f  --*/
  67          /*--  宋体12;  此字体下对应的点阵为：宽x高=8x16   --*/
  68          0x00,0x80,0x80,0xF0,0x88,0x88,0x88,0x18,0x00,0x20,0x20,0x3F,0x20,0x20,0x00,0x00,
  69          
  70          /*--  文字:  g  --16*/
  71          /*--  宋体12;  此字体下对应的点阵为：宽x高=8x16   --*/
  72          0x00,0x00,0x80,0x80,0x80,0x80,0x80,0x00,0x00,0x6B,0x94,0x94,0x94,0x93,0x60,0x00,
  73          
  74          /*--  文字:  h  --*/
  75          /*--  宋体12;  此字体下对应的点阵为：宽x高=8x16   --*/
  76          0x08,0xF8,0x00,0x80,0x80,0x80,0x00,0x00,0x20,0x3F,0x21,0x00,0x00,0x20,0x3F,0x20,
  77          
  78          /*--  文字:  i  --*/
  79          /*--  宋体12;  此字体下对应的点阵为：宽x高=8x16   --*/
  80          0x00,0x80,0x98,0x98,0x00,0x00,0x00,0x00,0x00,0x20,0x20,0x3F,0x20,0x20,0x00,0x00,
  81          
  82          /*--  文字:  j  --19*/
  83          /*--  宋体12;  此字体下对应的点阵为：宽x高=8x16   --*/
  84          0x00,0x00,0x00,0x80,0x98,0x98,0x00,0x00,0x00,0xC0,0x80,0x80,0x80,0x7F,0x00,0x00,
  85          
  86          /*--  文字:  k  --*/
  87          /*--  宋体12;  此字体下对应的点阵为：宽x高=8x16   --*/
  88          0x08,0xF8,0x00,0x00,0x80,0x80,0x80,0x00,0x20,0x3F,0x24,0x02,0x2D,0x30,0x20,0x00,
  89          
  90          /*--  文字:  l  --*/
  91          /*--  宋体12;  此字体下对应的点阵为：宽x高=8x16   --*/
  92          0x00,0x08,0x08,0xF8,0x00,0x00,0x00,0x00,0x00,0x20,0x20,0x3F,0x20,0x20,0x00,0x00,
  93          
  94          /*--  文字:  m  --22*/
  95          /*--  宋体12;  此字体下对应的点阵为：宽x高=8x16   --*/
  96          0x80,0x80,0x80,0x80,0x80,0x80,0x80,0x00,0x20,0x3F,0x20,0x00,0x3F,0x20,0x00,0x3F,
  97          
  98          /*--  文字:  n  --23*/
  99          /*--  宋体12;  此字体下对应的点阵为：宽x高=8x16   --*/
 100          0x80,0x80,0x00,0x80,0x80,0x80,0x00,0x00,0x20,0x3F,0x21,0x00,0x00,0x20,0x3F,0x20,
 101          
 102          /*--  文字:  o  --24*/
 103          /*--  宋体12;  此字体下对应的点阵为：宽x高=8x16   --*/
 104          0x00,0x00,0x80,0x80,0x80,0x80,0x00,0x00,0x00,0x1F,0x20,0x20,0x20,0x20,0x1F,0x00,
 105          
 106          /*--  文字:  p  --*/
 107          /*--  宋体12;  此字体下对应的点阵为：宽x高=8x16   --*/
 108          0x80,0x80,0x00,0x80,0x80,0x00,0x00,0x00,0x80,0xFF,0xA1,0x20,0x20,0x11,0x0E,0x00,
 109          
 110          /*--  文字:  q  --*/
 111          /*--  宋体12;  此字体下对应的点阵为：宽x高=8x16   --*/
 112          0x00,0x00,0x00,0x80,0x80,0x80,0x80,0x00,0x00,0x0E,0x11,0x20,0x20,0xA0,0xFF,0x80,
 113          
 114          /*--  文字:  r  --*/
 115          /*--  宋体12;  此字体下对应的点阵为：宽x高=8x16   --*/
 116          0x80,0x80,0x80,0x00,0x80,0x80,0x80,0x00,0x20,0x20,0x3F,0x21,0x20,0x00,0x01,0x00,
C51 COMPILER V9.01   NOKIA5110                                                             04/26/2018 19:19:44 PAGE 3   

 117                                                                                                                                                                     
 118          /*--  文字:  s  --*/
 119          /*--  宋体12;  此字体下对应的点阵为：宽x高=8x16   --*/
 120          0x00,0x00,0x80,0x80,0x80,0x80,0x80,0x00,0x00,0x33,0x24,0x24,0x24,0x24,0x19,0x00,
 121          
 122          /*--  文字:  t  --*/
 123          /*--  宋体12;  此字体下对应的点阵为：宽x高=8x16   --*/
 124          0x00,0x80,0x80,0xE0,0x80,0x80,0x00,0x00,0x00,0x00,0x00,0x1F,0x20,0x20,0x00,0x00,
 125          
 126          /*--  文字:  u  --30*/
 127          /*--  宋体12;  此字体下对应的点阵为：宽x高=8x16   --*/
 128          0x80,0x80,0x00,0x00,0x00,0x80,0x80,0x00,0x00,0x1F,0x20,0x20,0x20,0x10,0x3F,0x20,
 129          
 130          /*--  文字:  v  --*/
 131          /*--  宋体12;  此字体下对应的点阵为：宽x高=8x16   --*/
 132          0x80,0x80,0x80,0x00,0x00,0x80,0x80,0x80,0x00,0x01,0x0E,0x30,0x08,0x06,0x01,0x00,
 133          
 134          /*--  文字:  w  --*/
 135          /*--  宋体12;  此字体下对应的点阵为：宽x高=8x16   --*/
 136          0x80,0x80,0x00,0x80,0x00,0x80,0x80,0x80,0x0F,0x30,0x0C,0x03,0x0C,0x30,0x0F,0x00,
 137          
 138          /*--  文字:  x  --*/
 139          /*--  宋体12;  此字体下对应的点阵为：宽x高=8x16   --*/
 140          0x00,0x80,0x80,0x00,0x80,0x80,0x80,0x00,0x00,0x20,0x31,0x2E,0x0E,0x31,0x20,0x00,
 141          
 142          /*--  文字:  y  --*/
 143          /*--  宋体12;  此字体下对应的点阵为：宽x高=8x16   --*/
 144          0x80,0x80,0x80,0x00,0x00,0x80,0x80,0x80,0x80,0x81,0x8E,0x70,0x18,0x06,0x01,0x00,
 145          
 146          /*--  文字:  z  --35*/
 147          /*--  宋体12;  此字体下对应的点阵为：宽x高=8x16   --*/
 148          0x00,0x80,0x80,0x80,0x80,0x80,0x80,0x00,0x00,0x21,0x30,0x2C,0x22,0x21,0x30,0x00,
 149          
 150          /*--  文字:  -  --*/
 151          /*--  宋体12;  此字体下对应的点阵为：宽x高=8x16   --*/
 152          0x00,0x00,0x00,0x00,0x00,0x00,0x00,0x00,0x00,0x01,0x01,0x01,0x01,0x01,0x01,0x01,
 153          
 154          /*--  文字:  =  --*/
 155          /*--  宋体12;  此字体下对应的点阵为：宽x高=8x16   --*/
 156          0x40,0x40,0x40,0x40,0x40,0x40,0x40,0x00,0x04,0x04,0x04,0x04,0x04,0x04,0x04,0x00,
 157          
 158          /*--  文字:  \  --*/
 159          /*--  宋体12;  此字体下对应的点阵为：宽x高=8x16   --*/
 160          0x00,0x0C,0x30,0xC0,0x00,0x00,0x00,0x00,0x00,0x00,0x00,0x01,0x06,0x38,0xC0,0x00,
 161          
 162          /*--  文字:     --39*/
 163          /*--  宋体12;  此字体下对应的点阵为：宽x高=8x16   --*/
 164          0x00,0x00,0x00,0x00,0x00,0x00,0x00,0x00,0x00,0x00,0x00,0x00,0x00,0x00,0x00,0x00,
 165          
 166          /*--  文字:  [  --*/
 167          /*--  宋体12;  此字体下对应的点阵为：宽x高=8x16   --*/
 168          0x00,0x00,0x00,0xFE,0x02,0x02,0x02,0x00,0x00,0x00,0x00,0x7F,0x40,0x40,0x40,0x00,
 169          
 170          /*--  文字:  ]  --*/
 171          /*--  宋体12;  此字体下对应的点阵为：宽x高=8x16   --*/
 172          0x00,0x02,0x02,0x02,0xFE,0x00,0x00,0x00,0x00,0x40,0x40,0x40,0x7F,0x00,0x00,0x00,
 173          
 174          /*--  文字:  ;  --*/
 175          /*--  宋体12;  此字体下对应的点阵为：宽x高=8x16   --*/
 176          0x00,0x00,0x00,0x80,0x00,0x00,0x00,0x00,0x00,0x00,0x80,0x60,0x00,0x00,0x00,0x00,
 177          
 178          /*--  文字:  '  --*/
C51 COMPILER V9.01   NOKIA5110                                                             04/26/2018 19:19:44 PAGE 4   

 179          /*--  宋体12;  此字体下对应的点阵为：宽x高=8x16   --*/
 180          0x10,0x16,0x0E,0x00,0x00,0x00,0x00,0x00,0x00,0x00,0x00,0x00,0x00,0x00,0x00,0x00,
 181          
 182          /*--  文字:  ,  --*/
 183          /*--  宋体12;  此字体下对应的点阵为：宽x高=8x16   --*/
 184          0x00,0x00,0x00,0x00,0x00,0x00,0x00,0x00,0x80,0xB0,0x70,0x00,0x00,0x00,0x00,0x00,
 185          
 186          /*--  文字:  .  --45*/
 187          /*--  宋体12;  此字体下对应的点阵为：宽x高=8x16   --*/
 188          0x00,0x00,0x00,0x00,0x00,0x00,0x00,0x00,0x00,0x30,0x30,0x00,0x00,0x00,0x00,0x00,
 189          
 190          /*--  文字:  /  --*/
 191          /*--  宋体12;  此字体下对应的点阵为：宽x高=8x16   --*/
 192          0x00,0x00,0x00,0x00,0x80,0x60,0x18,0x04,0x00,0x60,0x18,0x06,0x01,0x00,0x00,0x00,
 193          
 194          /*--  文字:  :  --47*/
 195          /*--  宋体12;  此字体下对应的点阵为：宽x高=8x16   --*/
 196          0x00,0x00,0x00,0xC0,0xC0,0x00,0x00,0x00,0x00,0x00,0x00,0x30,0x30,0x00,0x00,0x00
 197                  
 198          };
 199          
 200          unsigned char code maohao[]={
 201          /*--  文字:  :  --*/
 202          /*--  宋体12;  此字体下对应的点阵为：宽x高=8x16   --*/
 203          0x00,0x00,0x00,0xC0,0xC0,0x00,0x00,0x00,0x00,0x00,0x00,0x30,0x30,0x00,0x00,0x00
 204          
 205          
 206          };
 207          unsigned char code jiaohao[]={
 208          
 209          /*--  文字:  + - --48*/
 210          /*--  宋体12;  此字体下对应的点阵为：宽x高=8x16   --*/
 211          0x00,0x00,0x10,0x10,0x7C,0x10,0x10,0x00,0x00,0x00,0x08,0x08,0x08,0x08,0x08,0x00,
 212          
 213          /*--  文字:  +  --49*/
 214          /*--  宋体12;  此字体下对应的点阵为：宽x高=8x16   --*/
 215          0x00,0x00,0x10,0x10,0x7C,0x10,0x10,0x00,0x00,0x00,0x00,0x00,0x00,0x00,0x00,0x00,
 216          
 217          /*--  文字:  -  --50*/
 218          /*--  宋体12;  此字体下对应的点阵为：宽x高=8x16   --*/
 219          0x00,0x00,0x00,0x00,0x00,0x00,0x00,0x00,0x00,0x00,0x08,0x08,0x08,0x08,0x08,0x00
 220          };
 221          
 222          unsigned char code hanzi[]=
 223          {
 224          /*--  文字:  平  --*/
 225          /*--  MS Reference Sans Serif9;  此字体下对应的点阵为：宽x高=12x16   --*/
 226          0x00,0x50,0x90,0x10,0x10,0xF0,0x10,0x10,0x10,0xD0,0x00,0x00,0x04,0x04,0x05,0x04,
 227          0x04,0x7F,0x04,0x04,0x05,0x04,0x04,0x00,
 228          
 229          /*--  文字:  衡  --*/
 230          /*--  MS Reference Sans Serif9;  此字体下对应的点阵为：宽x高=12x16   --*/
 231          0x20,0x90,0x48,0xE0,0x58,0xD0,0x70,0xC0,0x90,0x90,0x90,0x00,0x01,0x7F,0x00,0x57,
 232          0x35,0x1F,0x35,0x57,0x40,0x7F,0x00,0x00,
 233          
 234          /*--  文字:  车  --*/
 235          /*--  MS Reference Sans Serif9;  此字体下对应的点阵为：宽x高=12x16   --*/
 236          0x20,0x20,0xA0,0x60,0x38,0xA0,0x20,0x20,0x20,0x20,0x20,0x00,0x10,0x13,0x12,0x12,
 237          0x12,0x7F,0x12,0x12,0x12,0x12,0x10,0x00,
 238          
 239          /*--  文字:  角  --*/
 240          /*--  MS Reference Sans Serif9;  此字体下对应的点阵为：宽x高=12x12   --*/
C51 COMPILER V9.01   NOKIA5110                                                             04/26/2018 19:19:44 PAGE 5   

 241          /*--  高度不是8的倍数，现调整为：宽度x高度=12x16  --*/
 242          0x08,0xF4,0x53,0x52,0x52,0xF2,0x5A,0x56,0x50,0xF0,0x00,0x00,0x08,0x07,0x01,0x01,
 243          0x01,0x07,0x01,0x01,0x09,0x0F,0x00,0x00,
 244          
 245          /*--  文字:  度  --*/
 246          /*--  MS Reference Sans Serif9;  此字体下对应的点阵为：宽x高=12x12   --*/
 247          /*--  高度不是8的倍数，现调整为：宽度x高度=12x16  --*/
 248          0x00,0xFE,0x0A,0x8A,0xBE,0xAA,0xAB,0xAA,0xBE,0x8A,0x0A,0x00,0x08,0x07,0x00,0x08,
 249          0x09,0x0A,0x04,0x04,0x0A,0x09,0x08,0x00,
 250          
 251          /*--  文字:  ：  --*/
 252          /*--  MS Reference Sans Serif9;  此字体下对应的点阵为：宽x高=12x12   --*/
 253          /*--  高度不是8的倍数，现调整为：宽度x高度=12x16  --*/
 254          0x00,0x00,0x30,0x30,0x00,0x00,0x00,0x00,0x00,0x00,0x00,0x00,0x00,0x00,0x03,0x03,
 255          0x00,0x00,0x00,0x00,0x00,0x00,0x00,0x00,
 256          
 257          };
 258          
 259          void delay_1ms(void)//1ms延时函数
 260          {
 261   1              unsigned int i;
 262   1              for (i=0;i<500;i++);
 263   1      ;
 264   1      }
 265          
 266          /*--------------------------------------------
 267          LCD_write_byte: 使用SPI接口写数据到LCD
 268          输入参数：dt：写入的数据；
 269          command ：写数据/命令选择；
 270          编写日期：20080918 
 271          ----------------------------------------------*/
 272          void LCD_write_byte(unsigned char dt, unsigned char command)
 273          {
 274   1              unsigned char i; 
 275   1              sce=0;  
 276   1              dc=command;     
 277   1              for(i=0;i<8;i++)
 278   1              { 
 279   2                      if(dt&0x80)
 280   2                              sdin=1;
 281   2                      else
 282   2                              sdin=0;
 283   2                      dt=dt<<1;               
 284   2                      sclk=0;                 
 285   2                      sclk=1; 
 286   2              }       
 287   1              dc=1;   
 288   1              sce=1;  
 289   1              sdin=1;
 290   1      }
 291          /*---------------------------------------
 292          LCD_init: 3310LCD初始化
 293          编写日期：20080918 
 294          -----------------------------------------  */
 295          void LCD_init(void)
 296          {
 297   1              res=0;          
 298   1              delay_1ms();
 299   1              res=1;  
 300   1              LCD_write_byte(0x21,0);//初始化Lcd,功能设定使用扩充指令
 301   1              LCD_write_byte(0xd0,0);//设定液晶偏置电压
 302   1              LCD_write_byte(0x20,0);//使用基本指令
C51 COMPILER V9.01   NOKIA5110                                                             04/26/2018 19:19:44 PAGE 6   

 303   1              LCD_write_byte(0x0C,0);//设定显示模式，正常显示
 304   1      }
 305          /*-------------------------------------------
 306          LCD_set_XY: 设置LCD坐标函数
 307          输入参数：X：0－83  Y：0－5
 308          编写日期：20080918 
 309          ---------------------------------------------*/
 310          void LCD_set_XY(unsigned char X, unsigned char Y)
 311          {
 312   1              LCD_write_byte(0x40 | Y, 0);// column 设置RAM的Y地址
 313   1              LCD_write_byte(0x80 | X, 0);// row        设置RAM的X地址
 314   1      } 
 315          /*------------------------------------------
 316          LCD_clear: LCD清屏函数
 317          编写日期：20080918 
 318          --------------------------------------------*/
 319          void LCD_clear(void)
 320          {
 321   1              unsigned char t;
 322   1              unsigned char k;
 323   1              LCD_set_XY(0,0);
 324   1              for(t=0;t<6;t++)
 325   1              { 
 326   2                      for(k=0;k<84;k++)
 327   2                      { 
 328   3                              LCD_write_byte(0x00,1);
 329   3                                      
 330   3                      } 
 331   2              }
 332   1      }
 333          /*---------------------------------------------
 334          LCD_write_shu: 显示8（宽）*16（高）点阵列数字字母符号等半角类
 335          输入参数：c：显示的字符；
 336          编写日期：20080918 
 337          -----------------------------------------------*/
 338          void LCD_write_shu(unsigned char row, unsigned char page,unsigned char c) //row:列 page:页 dd:字符
 339          {
 340   1              unsigned char i;        
 341   1              
 342   1              LCD_set_XY(row*8, page);// 列，页          //row*8因为有字模宽8位/8列
 343   1              for(i=0; i<8;i++)                                         //这里传输8*8，因为Y地址一格为8位过去
 344   1              {
 345   2                      LCD_write_byte(shuzi[c*16+i],1);  ///因为字模提取后有一个数字完全显示有16组数
 346   2              }                                                                         //第几个数就对于16*几 开始
 347   1              
 348   1          LCD_set_XY(row*8, page+1);// 列，页   Y地址跳到下一格  行
 349   1              for(i=8; i<16;i++) 
 350   1              {
 351   2                      LCD_write_byte(shuzi[c*16+i],1);
 352   2              }               
 353   1      }
 354          /*---------------------------------------------
 355          LCD_write_hanzi: 显示12（宽）*16（高）点阵列汉字等半角类
 356          输入参数：c：显示的字符；
 357          编写日期：20080918 
 358          -----------------------------------------------*/
 359          void LCD_write_hanzi(unsigned char row, unsigned char page,unsigned char c) //row:列 page:页 dd:字符
 360          {
 361   1              unsigned char i;        
 362   1              
 363   1              LCD_set_XY(row*6, page);// 列，页 
 364   1              for(i=0; i<12;i++) 
C51 COMPILER V9.01   NOKIA5110                                                             04/26/2018 19:19:44 PAGE 7   

 365   1              {
 366   2                      LCD_write_byte(hanzi[c*24+i],1);         //
 367   2              }
 368   1              
 369   1          LCD_set_XY(row*6, page+1);// 列，页 
 370   1              for(i=12; i<24;i++) 
 371   1              {
 372   2                      LCD_write_byte(hanzi[c*24+i],1);
 373   2              }       
 374   1      }


MODULE INFORMATION:   STATIC OVERLAYABLE
   CODE SIZE        =    283    ----
   CONSTANT SIZE    =    976    ----
   XDATA SIZE       =   ----    ----
   PDATA SIZE       =   ----    ----
   DATA SIZE        =   ----    ----
   IDATA SIZE       =   ----    ----
   BIT SIZE         =   ----    ----
END OF MODULE INFORMATION.


C51 COMPILATION COMPLETE.  0 WARNING(S),  0 ERROR(S)
